35
T
h
e
Q
u
i
c
k
B
r
o
w
n
F
o
x
J
u
m
p
s
O
v
e
r
T
h
e
L
a
z
y
D
o
g
