\documentclass{article}
\setlength{\parindent}{0pt}
\begin{document}
Thc Quick Brown FoB \newline
Jumps ovop Tht \newline
LNoy Dog \newline
\end{document}